// Jest Snapshot v1, https://goo.gl/fbAQLP

exports[`CharacterFullInfo renders character details correctly 1`] = `
<DocumentFragment>
  <div
    class="bg-mainGray py-1 px-3 rounded-sm border-borderGray flex flex-col items-start"
  >
    <p
      class="text-2xl font-bold mb-3"
    >
      Homeworld: 20
    </p>
    <div
      class="flex flex-wrap justify-between mb-3 font-medium "
    >
      <p
        class="w-1/2"
      >
        <span
          class="font-semibold"
        >
          Birth Year:
        </span>
         19BBY
      </p>
      <p
        class="w-1/2"
      >
        <span
          class="font-semibold"
        >
          Height:
        </span>
         172 cm
      </p>
      <p
        class="w-1/2"
      >
        <span
          class="font-semibold"
        >
          Mass:
        </span>
         77 kg
      </p>
      <p
        class="w-1/2"
      >
        <span
          class="font-semibold"
        >
          Hair Color:
        </span>
         blond
      </p>
      <p
        class="w-1/2"
      >
        <span
          class="font-semibold"
        >
          Skin Color:
        </span>
         fair
      </p>
      <p
        class="w-1/2"
      >
        <span
          class="font-semibold"
        >
          Eye Color:
        </span>
         blue
      </p>
    </div>
  </div>
</DocumentFragment>
`;
